[2025-11-18T05:38:11.815Z] [INFO] {
  "timestamp": "2025-11-18T05:38:11.815Z",
  "method": "GET",
  "url": "/favicon.ico",
  "ip": "127.0.0.1",
  "userId": "anonymous",
  "userAgent": "Mozilla/5.0 (Windows NT 10.0; Win64; x64) AppleWebKit/537.36 (KHTML, like Gecko) Chrome/142.0.0.0 Safari/537.36"
}
[2025-11-18T05:38:11.822Z] [INFO] {
  "timestamp": "2025-11-18T05:38:11.822Z",
  "method": "GET",
  "url": "/favicon.ico",
  "statusCode": 200,
  "responseTime": "7ms",
  "userId": "anonymous"
}
[2025-11-18T05:38:11.842Z] [INFO] {
  "timestamp": "2025-11-18T05:38:11.842Z",
  "method": "GET",
  "url": "/favicon.ico",
  "ip": "127.0.0.1",
  "userId": "anonymous",
  "userAgent": "Mozilla/5.0 (Windows NT 10.0; Win64; x64) AppleWebKit/537.36 (KHTML, like Gecko) Chrome/142.0.0.0 Safari/537.36"
}
[2025-11-18T05:38:11.849Z] [INFO] {
  "timestamp": "2025-11-18T05:38:11.849Z",
  "method": "GET",
  "url": "/favicon.ico",
  "statusCode": 200,
  "responseTime": "7ms",
  "userId": "anonymous"
}
