[2025-11-17T16:27:43.839Z] [INFO] {
  "timestamp": "2025-11-17T16:27:43.839Z",
  "method": "GET",
  "url": "/favicon.ico",
  "ip": "127.0.0.1",
  "userId": "anonymous",
  "userAgent": "Mozilla/5.0 (Windows NT 10.0; Win64; x64) AppleWebKit/537.36 (KHTML, like Gecko) Chrome/142.0.0.0 Safari/537.36"
}
[2025-11-17T16:27:43.846Z] [INFO] {
  "timestamp": "2025-11-17T16:27:43.846Z",
  "method": "GET",
  "url": "/favicon.ico",
  "statusCode": 200,
  "responseTime": "7ms",
  "userId": "anonymous"
}
[2025-11-17T16:27:43.893Z] [INFO] {
  "timestamp": "2025-11-17T16:27:43.893Z",
  "method": "GET",
  "url": "/favicon.ico",
  "ip": "127.0.0.1",
  "userId": "anonymous",
  "userAgent": "Mozilla/5.0 (Windows NT 10.0; Win64; x64) AppleWebKit/537.36 (KHTML, like Gecko) Chrome/142.0.0.0 Safari/537.36"
}
[2025-11-17T16:27:43.898Z] [INFO] {
  "timestamp": "2025-11-17T16:27:43.898Z",
  "method": "GET",
  "url": "/favicon.ico",
  "statusCode": 200,
  "responseTime": "5ms",
  "userId": "anonymous"
}
